Microchip MPLAB XC8 Compiler V2.30

Linker command line:

-W-3 --edf=C:\Program Files\Microchip\xc8\v2.30\pic\dat\en_msgs.txt -cn \
  -h+dist/default/production\AnalogIn_16F1705.X.production.sym \
  --cmf=dist/default/production\AnalogIn_16F1705.X.production.cmf -z \
  -Q16F1705 -oC:\Users\owd\AppData\Local\Temp\s5qsx2 \
  --defsym=__MPLAB_BUILD=1 \
  -Mdist/default/production/AnalogIn_16F1705.X.production.map -E1 \
  -ver=XC8 Compiler --acfsm=1493 -ASTACK=02094h-023EFh -pstack=STACK \
  -ACODE=00h-07FFhx4 -ASTRCODE=00h-01FFFh -ASTRING=00h-0FFhx32 \
  -ACONST=00h-0FFhx32 -AENTRY=00h-0FFhx32 -ACOMMON=070h-07Fh \
  -ABANK0=020h-06Fh -ABANK1=0A0h-0EFh -ABANK2=0120h-016Fh \
  -ABANK3=01A0h-01EFh -ABANK4=0220h-026Fh -ABANK5=02A0h-02EFh \
  -ABANK6=0320h-036Fh -ABANK7=03A0h-03EFh -ABANK8=0420h-046Fh \
  -ABANK9=04A0h-04EFh -ABANK10=0520h-056Fh -ABANK11=05A0h-05EFh \
  -ABANK12=0620h-064Fh -ABIGRAM=02000h-023EFh \
  -ARAM=020h-06Fh,0A0h-0EFh,0120h-016Fh,01A0h-01EFh,0220h-026Fh,02A0h-02EFh,0320h-036Fh,03A0h-03EFh,0420h-046Fh,04A0h-04EFh,0520h-056Fh,05A0h-05EFh,0620h-064Fh \
  -AABS1=020h-07Fh,0A0h-0EFh,0120h-016Fh,01A0h-01EFh,0220h-026Fh,02A0h-02EFh,0320h-036Fh,03A0h-03EFh,0420h-046Fh,04A0h-04EFh,0520h-056Fh,05A0h-05EFh,0620h-064Fh \
  -ASFR0=00h-01Fh -ASFR1=080h-09Fh -ASFR2=0100h-011Fh -ASFR3=0180h-019Fh \
  -ASFR4=0200h-021Fh -ASFR5=0280h-029Fh -ASFR6=0300h-031Fh \
  -ASFR7=0380h-039Fh -ASFR8=0400h-041Fh -ASFR9=0480h-049Fh \
  -ASFR10=0500h-051Fh -ASFR11=0580h-059Fh -ASFR12=0600h-061Fh \
  -ASFR13=0680h-06EFh -ASFR14=0700h-076Fh -ASFR15=0780h-07EFh \
  -ASFR16=0800h-086Fh -ASFR17=0880h-08EFh -ASFR18=0900h-096Fh \
  -ASFR19=0980h-09EFh -ASFR20=0A00h-0A6Fh -ASFR21=0A80h-0AEFh \
  -ASFR22=0B00h-0B6Fh -ASFR23=0B80h-0BEFh -ASFR24=0C00h-0C6Fh \
  -ASFR25=0C80h-0CEFh -ASFR26=0D00h-0D6Fh -ASFR27=0D80h-0DEFh \
  -ASFR28=0E00h-0E6Fh -ASFR29=0E80h-0EEFh -ASFR30=0F00h-0F6Fh \
  -ASFR31=0F80h-0FEFh -ACONFIG=08007h-08008h -DCONFIG=2 \
  -AIDLOC=08000h-08003h -DIDLOC=2 -DCODE=2 -DSTRCODE=2 -DSTRING=2 -DCONST=2 \
  -DENTRY=2 -preset_vec=00h,intentry,init,end_init -ppowerup=CODE \
  -pcinit=CODE -pfunctab=ENTRY -k C:\Users\owd\AppData\Local\Temp\s5qsxg.o \
  dist/default/production\AnalogIn_16F1705.X.production.o 

Object code version is 3.11

Machine type is 16F1705



                Name                               Link     Load   Length Selector   Space Scale
C:\Users\owd\AppData\Local\Temp\s5qsxg.o
                end_init                              2        2        2        0       0
                reset_vec                             0        0        2        0       0
                config                             8007     8007        2        0       4
dist/default/production\AnalogIn_16F1705.X.production.o
                cinit                               7F5      7F5        B      FEA       0
                config                             8007     8007        2        0       4
                text19                              145      145       32      28A       0
                text18                              2C0      2C0       5A      580       0
                text17                              210      210       57      420       0
                text16                               64       64        8       C8       0
                text15                               6C       6C        A       D8       0
                text14                               A9       A9       1F      152       0
                text13                               5D       5D        1       BA       0
                text12                              1C1      1C1       4F      382       0
                text11                              31A      31A       74      634       0
                text10                              478      478      101      8F0       0
                text9                               38E      38E       EA      71C       0
                text8                                8F       8F       1A      11E       0
                text7                                EC       EC       28      1D8       0
                text6                                76       76       19       EC       0
                text5                               267      267       59      4CE       0
                text4                               687      687      16E      D0E       0
                text3                               579      579      10E      AF2       0
                text2                               114      114       31      228       0
                text1                                C8       C8       24      190       0
                maintext                            177      177       4A      2EE       0
                cstackBANK0                          20       20       4F       20       1
                cstackCOMMON                         70       70        E       70       1
                cstackBANK1                          C8       C8       1C       A0       1
                clrtext                              5E       5E        6       BC       0
                bssBANK1                             A0       A0       28       A0       1
                stringtext1                         800      800        7     1000       0

TOTAL           Name                               Link     Load   Length     Space
        CLASS   STACK          

        CLASS   CODE           
                end_init                              2        2        2         0
                cinit                               7F5      7F5        B         0
                reset_vec                             0        0        2         0
                text19                              145      145       32         0
                text18                              2C0      2C0       5A         0
                text17                              210      210       57         0
                text16                               64       64        8         0
                text15                               6C       6C        A         0
                text14                               A9       A9       1F         0
                text13                               5D       5D        1         0
                text12                              1C1      1C1       4F         0
                text11                              31A      31A       74         0
                text10                              478      478      101         0
                text9                               38E      38E       EA         0
                text8                                8F       8F       1A         0
                text7                                EC       EC       28         0
                text6                                76       76       19         0
                text5                               267      267       59         0
                text4                               687      687      16E         0
                text3                               579      579      10E         0
                text2                               114      114       31         0
                text1                                C8       C8       24         0
                maintext                            177      177       4A         0
                clrtext                              5E       5E        6         0

        CLASS   STRCODE        
                stringtext1                         800      800        7         0

        CLASS   STRING         

        CLASS   CONST          

        CLASS   ENTRY          

        CLASS   COMMON         
                cstackCOMMON                         70       70        E         1

        CLASS   BANK0          
                cstackBANK0                          20       20       4F         1

        CLASS   BANK1          
                cstackBANK1                          C8       C8       1C         1
                bssBANK1                             A0       A0       28         1

        CLASS   BANK2          

        CLASS   BANK3          

        CLASS   BANK4          

        CLASS   BANK5          

        CLASS   BANK6          

        CLASS   BANK7          

        CLASS   BANK8          

        CLASS   BANK9          

        CLASS   BANK10         

        CLASS   BANK11         

        CLASS   BANK12         

        CLASS   BIGRAM         

        CLASS   RAM            

        CLASS   ABS1           
                abs_s1                               7E       7E        2         1

        CLASS   SFR0           

        CLASS   SFR1           

        CLASS   SFR2           

        CLASS   SFR3           

        CLASS   SFR4           

        CLASS   SFR5           

        CLASS   SFR6           

        CLASS   SFR7           

        CLASS   SFR8           

        CLASS   SFR9           

        CLASS   SFR10          

        CLASS   SFR11          

        CLASS   SFR12          

        CLASS   SFR13          

        CLASS   SFR14          

        CLASS   SFR15          

        CLASS   SFR16          

        CLASS   SFR17          

        CLASS   SFR18          

        CLASS   SFR19          

        CLASS   SFR20          

        CLASS   SFR21          

        CLASS   SFR22          

        CLASS   SFR23          

        CLASS   SFR24          

        CLASS   SFR25          

        CLASS   SFR26          

        CLASS   SFR27          

        CLASS   SFR28          

        CLASS   SFR29          

        CLASS   SFR30          

        CLASS   SFR31          

        CLASS   CONFIG         
                config                             8007     8007        2         4

        CLASS   IDLOC          

        CLASS   BANK31         

        CLASS   BANK30         

        CLASS   BANK29         

        CLASS   BANK28         

        CLASS   BANK27         

        CLASS   BANK26         

        CLASS   BANK25         

        CLASS   BANK24         

        CLASS   BANK23         

        CLASS   BANK22         

        CLASS   BANK21         

        CLASS   BANK20         

        CLASS   BANK19         

        CLASS   BANK18         

        CLASS   BANK17         

        CLASS   BANK16         

        CLASS   BANK15         

        CLASS   BANK14         

        CLASS   BANK13         

        CLASS   EEDATA         



SEGMENTS        Name                           Load    Length   Top    Selector   Space  Class     Delta

                reset_vec                      000000  000004  000004         0       0  CODE        2
                cstackBANK0                    000020  00004F  00006F        20       1  BANK0       1
                cstackCOMMON                   000070  00000E  00007E        70       1  COMMON      1
                bssBANK1                       0000A0  000044  0000E4        A0       1  BANK1       1
                text13                         00005D  000001  00005E        BA       0  CODE        2
                clrtext                        00005E  000006  000064        BC       0  CODE        2
                text16                         000064  000008  00006C        C8       0  CODE        2
                text15                         00006C  00000A  000076        D8       0  CODE        2
                text6                          000076  000019  00008F        EC       0  CODE        2
                text8                          00008F  00001A  0000A9       11E       0  CODE        2
                text14                         0000A9  00001F  0000C8       152       0  CODE        2
                text1                          0000C8  000024  0000EC       190       0  CODE        2
                text7                          0000EC  000028  000114       1D8       0  CODE        2
                text2                          000114  000031  000145       228       0  CODE        2
                text19                         000145  000032  000177       28A       0  CODE        2
                maintext                       000177  00004A  0001C1       2EE       0  CODE        2
                text12                         0001C1  00004F  000210       382       0  CODE        2
                text17                         000210  000057  000267       420       0  CODE        2
                text5                          000267  000059  0002C0       4CE       0  CODE        2
                text18                         0002C0  00005A  00031A       580       0  CODE        2
                text11                         00031A  000074  00038E       634       0  CODE        2
                text9                          00038E  0000EA  000478       71C       0  CODE        2
                text10                         000478  000101  000579       8F0       0  CODE        2
                text3                          000579  00010E  000687       AF2       0  CODE        2
                text4                          000687  00016E  0007F5       D0E       0  CODE        2
                cinit                          0007F5  00000B  000800       FEA       0  CODE        2
                stringtext1                    000800  000007  000807      1000       0  STRCODE     2


UNUSED ADDRESS RANGES

        Name                Unused          Largest block    Delta
        BANK0            0006F-0006F               1           1
        BANK1            000E4-000EF               C           1
        BANK10           00520-0056F              50           1
        BANK11           005A0-005EF              50           1
        BANK12           00620-0064F              30           1
        BANK2            00120-0016F              50           1
        BANK3            001A0-001EF              50           1
        BANK4            00220-0026F              50           1
        BANK5            002A0-002EF              50           1
        BANK6            00320-0036F              50           1
        BANK7            003A0-003EF              50           1
        BANK8            00420-0046F              50           1
        BANK9            004A0-004EF              50           1
        BIGRAM           02000-023EF             3F0           1
        CODE             00004-0005C              59           2
                         00807-01FFF             800
        CONST            00004-0005C              59           2
                         00807-01FFF             100
        ENTRY            00004-0005C              59           2
                         00807-01FFF             100
        IDLOC            08000-08003               4           2
        RAM              0006F-0006F               1           1
                         000E4-000EF               C
                         00120-0016F              50
                         001A0-001EF              50
                         00220-0026F              50
                         002A0-002EF              50
                         00320-0036F              50
                         003A0-003EF              50
                         00420-0046F              50
                         004A0-004EF              50
                         00520-0056F              50
                         005A0-005EF              50
                         00620-0064F              30
        SFR0             00000-0001F              20           1
        SFR1             00080-0009F              20           1
        SFR10            00500-0051F              20           1
        SFR11            00580-0059F              20           1
        SFR12            00600-0061F              20           1
        SFR13            00680-006EF              70           1
        SFR14            00700-0076F              70           1
        SFR15            00780-007EF              70           1
        SFR16            00800-0086F              70           1
        SFR17            00880-008EF              70           1
        SFR18            00900-0096F              70           1
        SFR19            00980-009EF              70           1
        SFR2             00100-0011F              20           1
        SFR20            00A00-00A6F              70           1
        SFR21            00A80-00AEF              70           1
        SFR22            00B00-00B6F              70           1
        SFR23            00B80-00BEF              70           1
        SFR24            00C00-00C6F              70           1
        SFR25            00C80-00CEF              70           1
        SFR26            00D00-00D6F              70           1
        SFR27            00D80-00DEF              70           1
        SFR28            00E00-00E6F              70           1
        SFR29            00E80-00EEF              70           1
        SFR3             00180-0019F              20           1
        SFR30            00F00-00F6F              70           1
        SFR31            00F80-00FEF              70           1
        SFR4             00200-0021F              20           1
        SFR5             00280-0029F              20           1
        SFR6             00300-0031F              20           1
        SFR7             00380-0039F              20           1
        SFR8             00400-0041F              20           1
        SFR9             00480-0049F              20           1
        STACK            02094-023EF             35C           1
        STRCODE          00004-0005C              59           2
                         00807-01FFF            17F9
        STRING           00004-0005C              59           2
                         00807-01FFF             100

                                  Symbol Table

?___aodiv                cstackBANK0  00020
?___aomod                cstackBANK0  00020
?___lldiv                cstackCOMMON 00070
?_abs                    cstackCOMMON 00073
?_analogRead             cstackCOMMON 00070
?_ctoa                   cstackCOMMON 00078
?_dtoa                   cstackBANK0  00030
?_pad                    cstackBANK0  00024
?_sprintf                cstackBANK0  00067
?_strlen                 cstackCOMMON 00070
?_vfpfcnvrt              cstackBANK0  0004E
?_vfprintf               cstackBANK0  0005F
_ADCON0                  (abs)        0009D
_ADCON1                  (abs)        0009E
_ADRESH                  (abs)        0009C
_ADRESL                  (abs)        0009B
_ANSELA                  (abs)        0018C
_ANSELC                  (abs)        0018E
_BRG16                   (abs)        00CFB
_GO_nDONE                (abs)        004E9
_OSCCON                  (abs)        00099
_PORTA                   (abs)        0000C
_PORTC                   (abs)        0000E
_RA0PPS                  (abs)        00E90
_RC1REG                  (abs)        00199
_RC1STA                  (abs)        0019D
_RCIF                    (abs)        0008D
_RXPPS                   (abs)        00E24
_SP1BRGH                 (abs)        0019C
_SP1BRGL                 (abs)        0019B
_TRISA                   (abs)        0008C
_TRISC                   (abs)        0008E
_TX1REG                  (abs)        0019A
_TX1STA                  (abs)        0019E
_TXIF                    (abs)        0008C
__Habs1                  abs1         00000
__Hbank0                 bank0        00000
__Hbank1                 bank1        00000
__Hbank10                bank10       00000
__Hbank11                bank11       00000
__Hbank12                bank12       00000
__Hbank13                bank13       00000
__Hbank14                bank14       00000
__Hbank15                bank15       00000
__Hbank16                bank16       00000
__Hbank17                bank17       00000
__Hbank18                bank18       00000
__Hbank19                bank19       00000
__Hbank2                 bank2        00000
__Hbank20                bank20       00000
__Hbank21                bank21       00000
__Hbank22                bank22       00000
__Hbank23                bank23       00000
__Hbank24                bank24       00000
__Hbank25                bank25       00000
__Hbank26                bank26       00000
__Hbank27                bank27       00000
__Hbank28                bank28       00000
__Hbank29                bank29       00000
__Hbank3                 bank3        00000
__Hbank30                bank30       00000
__Hbank31                bank31       00000
__Hbank4                 bank4        00000
__Hbank5                 bank5        00000
__Hbank6                 bank6        00000
__Hbank7                 bank7        00000
__Hbank8                 bank8        00000
__Hbank9                 bank9        00000
__Hbigram                bigram       00000
__HbssBANK1              bssBANK1     00000
__Hcinit                 cinit        00800
__Hclrtext               clrtext      00000
__Hcode                  code         00000
__Hcommon                common       00000
__Hconfig                config       08009
__HcstackBANK0           cstackBANK0  00000
__HcstackBANK1           cstackBANK1  00000
__HcstackCOMMON          cstackCOMMON 00000
__Heeprom_data           eeprom_data  00000
__Hend_init              end_init     00004
__Hfunctab               functab      00000
__Hinit                  init         00002
__Hintentry              intentry     00002
__Hmaintext              maintext     00000
__Hpowerup               powerup      00000
__Hram                   ram          00000
__Hreset_vec             reset_vec    00002
__Hsfr0                  sfr0         00000
__Hsfr1                  sfr1         00000
__Hsfr10                 sfr10        00000
__Hsfr11                 sfr11        00000
__Hsfr12                 sfr12        00000
__Hsfr13                 sfr13        00000
__Hsfr14                 sfr14        00000
__Hsfr15                 sfr15        00000
__Hsfr16                 sfr16        00000
__Hsfr17                 sfr17        00000
__Hsfr18                 sfr18        00000
__Hsfr19                 sfr19        00000
__Hsfr2                  sfr2         00000
__Hsfr20                 sfr20        00000
__Hsfr21                 sfr21        00000
__Hsfr22                 sfr22        00000
__Hsfr23                 sfr23        00000
__Hsfr24                 sfr24        00000
__Hsfr25                 sfr25        00000
__Hsfr26                 sfr26        00000
__Hsfr27                 sfr27        00000
__Hsfr28                 sfr28        00000
__Hsfr29                 sfr29        00000
__Hsfr3                  sfr3         00000
__Hsfr30                 sfr30        00000
__Hsfr31                 sfr31        00000
__Hsfr4                  sfr4         00000
__Hsfr5                  sfr5         00000
__Hsfr6                  sfr6         00000
__Hsfr7                  sfr7         00000
__Hsfr8                  sfr8         00000
__Hsfr9                  sfr9         00000
__Hspace_0               (abs)        00807
__Hspace_1               (abs)        000E4
__Hspace_2               (abs)        00000
__Hspace_3               (abs)        00000
__Hspace_4               (abs)        10010
__Hstack                 stack        00000
__Hstrings               strings      00000
__Hstringtext1           stringtext1  00000
__Hstringtext2           stringtext2  00000
__Htext                  text         00000
__Labs1                  abs1         00000
__Lbank0                 bank0        00000
__Lbank1                 bank1        00000
__Lbank10                bank10       00000
__Lbank11                bank11       00000
__Lbank12                bank12       00000
__Lbank13                bank13       00000
__Lbank14                bank14       00000
__Lbank15                bank15       00000
__Lbank16                bank16       00000
__Lbank17                bank17       00000
__Lbank18                bank18       00000
__Lbank19                bank19       00000
__Lbank2                 bank2        00000
__Lbank20                bank20       00000
__Lbank21                bank21       00000
__Lbank22                bank22       00000
__Lbank23                bank23       00000
__Lbank24                bank24       00000
__Lbank25                bank25       00000
__Lbank26                bank26       00000
__Lbank27                bank27       00000
__Lbank28                bank28       00000
__Lbank29                bank29       00000
__Lbank3                 bank3        00000
__Lbank30                bank30       00000
__Lbank31                bank31       00000
__Lbank4                 bank4        00000
__Lbank5                 bank5        00000
__Lbank6                 bank6        00000
__Lbank7                 bank7        00000
__Lbank8                 bank8        00000
__Lbank9                 bank9        00000
__Lbigram                bigram       00000
__LbssBANK1              bssBANK1     00000
__Lcinit                 cinit        007F5
__Lclrtext               clrtext      00000
__Lcode                  code         00000
__Lcommon                common       00000
__Lconfig                config       00000
__LcstackBANK0           cstackBANK0  00000
__LcstackBANK1           cstackBANK1  00000
__LcstackCOMMON          cstackCOMMON 00000
__Leeprom_data           eeprom_data  00000
__Lend_init              end_init     00002
__Lfunctab               functab      00000
__Linit                  init         00002
__Lintentry              intentry     00002
__Lmaintext              maintext     00000
__Lpowerup               powerup      00000
__Lram                   ram          00000
__Lreset_vec             reset_vec    00000
__Lsfr0                  sfr0         00000
__Lsfr1                  sfr1         00000
__Lsfr10                 sfr10        00000
__Lsfr11                 sfr11        00000
__Lsfr12                 sfr12        00000
__Lsfr13                 sfr13        00000
__Lsfr14                 sfr14        00000
__Lsfr15                 sfr15        00000
__Lsfr16                 sfr16        00000
__Lsfr17                 sfr17        00000
__Lsfr18                 sfr18        00000
__Lsfr19                 sfr19        00000
__Lsfr2                  sfr2         00000
__Lsfr20                 sfr20        00000
__Lsfr21                 sfr21        00000
__Lsfr22                 sfr22        00000
__Lsfr23                 sfr23        00000
__Lsfr24                 sfr24        00000
__Lsfr25                 sfr25        00000
__Lsfr26                 sfr26        00000
__Lsfr27                 sfr27        00000
__Lsfr28                 sfr28        00000
__Lsfr29                 sfr29        00000
__Lsfr3                  sfr3         00000
__Lsfr30                 sfr30        00000
__Lsfr31                 sfr31        00000
__Lsfr4                  sfr4         00000
__Lsfr5                  sfr5         00000
__Lsfr6                  sfr6         00000
__Lsfr7                  sfr7         00000
__Lsfr8                  sfr8         00000
__Lsfr9                  sfr9         00000
__Lspace_0               (abs)        00000
__Lspace_1               (abs)        00000
__Lspace_2               (abs)        00000
__Lspace_3               (abs)        00000
__Lspace_4               (abs)        00000
__Lstack                 stack        00000
__Lstrings               strings      00000
__Lstringtext1           stringtext1  00000
__Lstringtext2           stringtext2  00000
__Ltext                  text         00000
__S0                     (abs)        00807
__S1                     (abs)        000E4
__S2                     (abs)        00000
___aodiv                 text10       00478
___aodiv@counter         cstackCOMMON 00071
___aodiv@dividend        cstackBANK0  00028
___aodiv@divisor         cstackBANK0  00020
___aodiv@quotient        cstackCOMMON 00073
___aodiv@sign            cstackCOMMON 00072
___aomod                 text9        0038E
___aomod@counter         cstackCOMMON 00071
___aomod@dividend        cstackBANK0  00028
___aomod@divisor         cstackBANK0  00020
___aomod@sign            cstackCOMMON 00072
___int_sp                stack        00000
___latbits               (abs)        00002
___lldiv                 text18       002C0
___lldiv@counter         cstackCOMMON 0007D
___lldiv@dividend        cstackCOMMON 00074
___lldiv@divisor         cstackCOMMON 00070
___lldiv@quotient        cstackCOMMON 00079
___sp                    stack        00000
___stackhi               (abs)        023EF
___stacklo               (abs)        02094
__end_of___aodiv         text10       00579
__end_of___aomod         text9        00478
__end_of___lldiv         text18       0031A
__end_of__initialization cinit        007FD
__end_of_abs             text8        000A9
__end_of_analogRead      text19       00177
__end_of_ctoa            text11       0038E
__end_of_dtoa            text4        007F5
__end_of_fputc           text12       00210
__end_of_fputs           text7        00114
__end_of_init            text17       00267
__end_of_main            maintext     001C1
__end_of_pad             text5        002C0
__end_of_putch           text13       0005E
__end_of_serial_getch    text16       0006C
__end_of_serial_print    text14       000C8
__end_of_serial_putch    text15       00076
__end_of_sprintf         text1        000EC
__end_of_strlen          text6        0008F
__end_of_vfpfcnvrt       text3        00687
__end_of_vfprintf        text2        00145
__initialization         cinit        007F5
__pbssBANK1              bssBANK1     000A0
__pcstackBANK0           cstackBANK0  00020
__pcstackBANK1           cstackBANK1  000C8
__pcstackCOMMON          cstackCOMMON 00070
__pmaintext              maintext     00177
__pstringtext1           stringtext1  00800
__pstringtext2           stringtext2  00000
__ptext1                 text1        000C8
__ptext10                text10       00478
__ptext11                text11       0031A
__ptext12                text12       001C1
__ptext13                text13       0005D
__ptext14                text14       000A9
__ptext15                text15       0006C
__ptext16                text16       00064
__ptext17                text17       00210
__ptext18                text18       002C0
__ptext19                text19       00145
__ptext2                 text2        00114
__ptext3                 text3        00579
__ptext4                 text4        00687
__ptext5                 text5        00267
__ptext6                 text6        00076
__ptext7                 text7        000EC
__ptext8                 text8        0008F
__ptext9                 text9        0038E
__size_of___aodiv        (abs)        00000
__size_of___aomod        (abs)        00000
__size_of___lldiv        (abs)        00000
__size_of_abs            (abs)        00000
__size_of_analogRead     (abs)        00000
__size_of_ctoa           (abs)        00000
__size_of_dtoa           (abs)        00000
__size_of_fputc          (abs)        00000
__size_of_fputs          (abs)        00000
__size_of_init           (abs)        00000
__size_of_main           (abs)        00000
__size_of_pad            (abs)        00000
__size_of_putch          (abs)        00000
__size_of_serial_getch   (abs)        00000
__size_of_serial_print   (abs)        00000
__size_of_serial_putch   (abs)        00000
__size_of_sprintf        (abs)        00000
__size_of_strlen         (abs)        00000
__size_of_vfpfcnvrt      (abs)        00000
__size_of_vfprintf       (abs)        00000
_abs                     text8        0008F
_analogRead              text19       00145
_ctoa                    text11       0031A
_dbuf                    bssBANK1     000A8
_dtoa                    text4        00687
_dtoa$492                cstackBANK0  0003B
_flags                   bssBANK1     000A6
_fputc                   text12       001C1
_fputs                   text7        000EC
_init                    text17       00210
_main                    maintext     00177
_nout                    bssBANK1     000A0
_pad                     text5        00267
_prec                    bssBANK1     000A4
_putch                   text13       0005D
_serial_getch            text16       00064
_serial_print            text14       000A9
_serial_putch            text15       0006C
_sprintf                 text1        000C8
_strlen                  text6        00076
_vfpfcnvrt               text3        00579
_vfprintf                text2        00114
_width                   bssBANK1     000A2
abs@a                    cstackCOMMON 00073
analogRead@pin           cstackCOMMON 00078
analogRead@val           cstackCOMMON 00079
btemp                    (abs)        0007E
clear_ram0               clrtext      0005E
ctoa@c                   cstackCOMMON 00078
ctoa@fp                  cstackBANK0  00024
ctoa@l                   cstackBANK0  00020
ctoa@w                   cstackBANK0  00022
dtoa@d                   cstackBANK0  00030
dtoa@fp                  cstackBANK0  0003D
dtoa@i                   cstackBANK0  0004C
dtoa@n                   cstackBANK0  00044
dtoa@p                   cstackBANK0  0003E
dtoa@s                   cstackBANK0  00042
dtoa@w                   cstackBANK0  00040
end_of_initialization    cinit        007FD
fputc@c                  cstackCOMMON 00070
fputc@fp                 cstackCOMMON 00072
fputs@c                  cstackBANK0  00020
fputs@fp                 cstackCOMMON 00078
fputs@i                  cstackBANK0  00021
fputs@s                  cstackBANK0  00023
init@X                   cstackBANK0  0002A
init@baudrate            cstackBANK0  00020
init@portA               cstackBANK0  00024
init@portC               cstackBANK0  00025
intlevel0                functab      00000
intlevel1                functab      00000
intlevel2                functab      00000
intlevel3                functab      00000
intlevel4                functab      00000
intlevel5                functab      00000
main@c                   cstackBANK1  000E3
main@val                 cstackBANK1  000E1
main@valStr              cstackBANK1  000D1
pad@buf                  cstackBANK0  00024
pad@fp                   cstackBANK0  0002B
pad@i                    cstackBANK0  00027
pad@p                    cstackBANK0  00025
pad@w                    cstackBANK0  00029
reset_vec                reset_vec    00000
serial_print@i           cstackCOMMON 00072
serial_print@str         cstackCOMMON 00074
serial_putch@byte        cstackCOMMON 00070
sprintf@ap               cstackBANK1  000CA
sprintf@f                cstackBANK1  000CC
sprintf@fmt              cstackBANK0  00067
sprintf@s                cstackBANK1  000CB
start                    init         00002
start_initialization     cinit        007F5
strlen@a                 cstackCOMMON 00073
strlen@s                 cstackCOMMON 00074
vfpfcnvrt@ap             cstackBANK0  0004F
vfpfcnvrt@c              cstackBANK0  0005D
vfpfcnvrt@fmt            cstackBANK0  0004E
vfpfcnvrt@fp             cstackBANK0  0005E
vfpfcnvrt@ll             cstackBANK0  00055
vfprintf@ap              cstackBANK0  00061
vfprintf@cfmt            cstackBANK0  00065
vfprintf@fmt             cstackBANK0  0005F
vfprintf@fp              cstackBANK0  00064
wtemp0                   (abs)        0007E


FUNCTION INFORMATION:

 *************** function _main *****************
 Defined at:
		line 16 in file "main.c"
 Parameters:    Size  Location     Type
		None
 Auto vars:     Size  Location     Type
  val             2   25[BANK1 ] unsigned int 
  c               1   27[BANK1 ] unsigned char 
  valStr         16    9[BANK1 ] unsigned char [16]
 Return value:  Size  Location     Type
                  1    wreg      void 
 Registers used:
		wreg, fsr0l, fsr0h, fsr1l, fsr1h, status,2, status,0, pclath, cstack
 Tracked objects:
		On entry : 
		On exit  : 
		Unchanged: 
 Data sizes:     COMMON   BANK0   BANK1   BANK2   BANK3   BANK4   BANK5   BANK6   BANK7   BANK8   BANK9  BANK10  BANK11  BANK12
      Params:         0       0       0       0       0       0       0       0       0       0       0       0       0       0
      Locals:         0       0      19       0       0       0       0       0       0       0       0       0       0       0
      Temps:          0       2       0       0       0       0       0       0       0       0       0       0       0       0
      Totals:         0       2      19       0       0       0       0       0       0       0       0       0       0       0
Total ram usage:       21 bytes
 Hardware stack levels required when called:    8
 This function calls:
		_analogRead
		_init
		_serial_getch
		_serial_print
		_sprintf
 This function is called by:
		Startup code after reset
 This function uses a non-reentrant model


 *************** function _sprintf *****************
 Defined at:
		line 9 in file "C:\Program Files\Microchip\xc8\v2.30\pic\sources\c99\common\nf_sprintf.c"
 Parameters:    Size  Location     Type
  s               1    wreg     PTR unsigned char 
		 -> main@valStr(16), 
  fmt             2   71[BANK0 ] PTR const unsigned char 
		 -> STR_1(7), 
 Auto vars:     Size  Location     Type
  s               1    3[BANK1 ] PTR unsigned char 
		 -> main@valStr(16), 
  f               5    4[BANK1 ] struct _IO_FILE
  ret             2    0        int 
  ap              1    2[BANK1 ] PTR void [1]
		 -> ?_sprintf(2), 
 Return value:  Size  Location     Type
                  2   71[BANK0 ] int 
 Registers used:
		wreg, fsr0l, fsr0h, fsr1l, fsr1h, status,2, status,0, pclath, cstack
 Tracked objects:
		On entry : 
		On exit  : 
		Unchanged: 
 Data sizes:     COMMON   BANK0   BANK1   BANK2   BANK3   BANK4   BANK5   BANK6   BANK7   BANK8   BANK9  BANK10  BANK11  BANK12
      Params:         0       6       0       0       0       0       0       0       0       0       0       0       0       0
      Locals:         0       0       9       0       0       0       0       0       0       0       0       0       0       0
      Temps:          1       0       0       0       0       0       0       0       0       0       0       0       0       0
      Totals:         1       6       9       0       0       0       0       0       0       0       0       0       0       0
Total ram usage:       16 bytes
 Hardware stack levels used:    1
 Hardware stack levels required when called:    7
 This function calls:
		_vfprintf
 This function is called by:
		_main
 This function uses a non-reentrant model


 *************** function _vfprintf *****************
 Defined at:
		line 1390 in file "C:\Program Files\Microchip\xc8\v2.30\pic\sources\c99\common\doprnt.c"
 Parameters:    Size  Location     Type
  fp              1    wreg     PTR struct _IO_FILE
		 -> sprintf@f(5), 
  fmt             2   63[BANK0 ] PTR const unsigned char 
		 -> STR_1(7), 
  ap              1   65[BANK0 ] PTR PTR void 
		 -> sprintf@ap(1), 
 Auto vars:     Size  Location     Type
  fp              1   68[BANK0 ] PTR struct _IO_FILE
		 -> sprintf@f(5), 
  cfmt            2   69[BANK0 ] PTR unsigned char 
		 -> STR_1(7), 
 Return value:  Size  Location     Type
                  2   63[BANK0 ] int 
 Registers used:
		wreg, fsr0l, fsr0h, fsr1l, fsr1h, status,2, status,0, pclath, cstack
 Tracked objects:
		On entry : 
		On exit  : 
		Unchanged: 
 Data sizes:     COMMON   BANK0   BANK1   BANK2   BANK3   BANK4   BANK5   BANK6   BANK7   BANK8   BANK9  BANK10  BANK11  BANK12
      Params:         0       3       0       0       0       0       0       0       0       0       0       0       0       0
      Locals:         0       3       0       0       0       0       0       0       0       0       0       0       0       0
      Temps:          0       2       0       0       0       0       0       0       0       0       0       0       0       0
      Totals:         0       8       0       0       0       0       0       0       0       0       0       0       0       0
Total ram usage:        8 bytes
 Hardware stack levels used:    1
 Hardware stack levels required when called:    6
 This function calls:
		_vfpfcnvrt
 This function is called by:
		_sprintf
 This function uses a non-reentrant model


 *************** function _vfpfcnvrt *****************
 Defined at:
		line 692 in file "C:\Program Files\Microchip\xc8\v2.30\pic\sources\c99\common\doprnt.c"
 Parameters:    Size  Location     Type
  fp              1    wreg     PTR struct _IO_FILE
		 -> sprintf@f(5), 
  fmt             1   46[BANK0 ] PTR PTR unsigned char 
		 -> vfprintf@cfmt(2), 
  ap              1   47[BANK0 ] PTR PTR void 
		 -> sprintf@ap(1), 
 Auto vars:     Size  Location     Type
  fp              1   62[BANK0 ] PTR struct _IO_FILE
		 -> sprintf@f(5), 
  ll              8   53[BANK0 ] long long 
  llu             8    0        unsigned long long 
  f               4    0        unsigned long long 
  ct              3    0        unsigned char [3]
  vp              2    0        PTR void 
  i               2    0        int 
  done            2    0        int 
  cp              2    0        PTR unsigned char 
  c               1   61[BANK0 ] unsigned char 
 Return value:  Size  Location     Type
                  2   46[BANK0 ] int 
 Registers used:
		wreg, fsr0l, fsr0h, fsr1l, fsr1h, status,2, status,0, pclath, cstack
 Tracked objects:
		On entry : 
		On exit  : 
		Unchanged: 
 Data sizes:     COMMON   BANK0   BANK1   BANK2   BANK3   BANK4   BANK5   BANK6   BANK7   BANK8   BANK9  BANK10  BANK11  BANK12
      Params:         0       2       0       0       0       0       0       0       0       0       0       0       0       0
      Locals:         0      10       0       0       0       0       0       0       0       0       0       0       0       0
      Temps:          0       5       0       0       0       0       0       0       0       0       0       0       0       0
      Totals:         0      17       0       0       0       0       0       0       0       0       0       0       0       0
Total ram usage:       17 bytes
 Hardware stack levels used:    1
 Hardware stack levels required when called:    5
 This function calls:
		_ctoa
		_dtoa
		_fputc
 This function is called by:
		_vfprintf
 This function uses a non-reentrant model


 *************** function _dtoa *****************
 Defined at:
		line 287 in file "C:\Program Files\Microchip\xc8\v2.30\pic\sources\c99\common\doprnt.c"
 Parameters:    Size  Location     Type
  fp              1    wreg     PTR struct _IO_FILE
		 -> sprintf@f(5), 
  d               8   16[BANK0 ] long long 
 Auto vars:     Size  Location     Type
  fp              1   29[BANK0 ] PTR struct _IO_FILE
		 -> sprintf@f(5), 
  n               8   36[BANK0 ] long long 
  i               2   44[BANK0 ] int 
  s               2   34[BANK0 ] int 
  w               2   32[BANK0 ] int 
  p               2   30[BANK0 ] int 
 Return value:  Size  Location     Type
                  2   16[BANK0 ] int 
 Registers used:
		wreg, fsr0l, fsr0h, fsr1l, fsr1h, status,2, status,0, pclath, cstack
 Tracked objects:
		On entry : 
		On exit  : 
		Unchanged: 
 Data sizes:     COMMON   BANK0   BANK1   BANK2   BANK3   BANK4   BANK5   BANK6   BANK7   BANK8   BANK9  BANK10  BANK11  BANK12
      Params:         0       8       0       0       0       0       0       0       0       0       0       0       0       0
      Locals:         0      19       0       0       0       0       0       0       0       0       0       0       0       0
      Temps:          0       3       0       0       0       0       0       0       0       0       0       0       0       0
      Totals:         0      30       0       0       0       0       0       0       0       0       0       0       0       0
Total ram usage:       30 bytes
 Hardware stack levels used:    1
 Hardware stack levels required when called:    4
 This function calls:
		___aodiv
		___aomod
		_abs
		_pad
 This function is called by:
		_vfpfcnvrt
 This function uses a non-reentrant model


 *************** function _pad *****************
 Defined at:
		line 72 in file "C:\Program Files\Microchip\xc8\v2.30\pic\sources\c99\common\doprnt.c"
 Parameters:    Size  Location     Type
  fp              1    wreg     PTR struct _IO_FILE
		 -> sprintf@f(5), 
  buf             1    4[BANK0 ] PTR unsigned char 
		 -> dbuf(32), 
  p               2    5[BANK0 ] int 
 Auto vars:     Size  Location     Type
  fp              1   11[BANK0 ] PTR struct _IO_FILE
		 -> sprintf@f(5), 
  w               2    9[BANK0 ] int 
  i               2    7[BANK0 ] int 
 Return value:  Size  Location     Type
                  2    4[BANK0 ] int 
 Registers used:
		wreg, fsr0l, fsr0h, fsr1l, fsr1h, status,2, status,0, pclath, cstack
 Tracked objects:
		On entry : 
		On exit  : 
		Unchanged: 
 Data sizes:     COMMON   BANK0   BANK1   BANK2   BANK3   BANK4   BANK5   BANK6   BANK7   BANK8   BANK9  BANK10  BANK11  BANK12
      Params:         0       3       0       0       0       0       0       0       0       0       0       0       0       0
      Locals:         0       5       0       0       0       0       0       0       0       0       0       0       0       0
      Temps:          1       0       0       0       0       0       0       0       0       0       0       0       0       0
      Totals:         1       8       0       0       0       0       0       0       0       0       0       0       0       0
Total ram usage:        9 bytes
 Hardware stack levels used:    1
 Hardware stack levels required when called:    3
 This function calls:
		_fputc
		_fputs
		_strlen
 This function is called by:
		_dtoa
 This function uses a non-reentrant model


 *************** function _strlen *****************
 Defined at:
		line 5 in file "C:\Program Files\Microchip\xc8\v2.30\pic\sources\c99\common\strlen.c"
 Parameters:    Size  Location     Type
  s               1    wreg     PTR const unsigned char 
		 -> dbuf(32), 
 Auto vars:     Size  Location     Type
  s               1    4[COMMON] PTR const unsigned char 
		 -> dbuf(32), 
  a               1    3[COMMON] PTR const unsigned char 
		 -> dbuf(32), 
 Return value:  Size  Location     Type
                  2    0[COMMON] unsigned int 
 Registers used:
		wreg, fsr1l, fsr1h, status,2, status,0
 Tracked objects:
		On entry : 
		On exit  : 
		Unchanged: 
 Data sizes:     COMMON   BANK0   BANK1   BANK2   BANK3   BANK4   BANK5   BANK6   BANK7   BANK8   BANK9  BANK10  BANK11  BANK12
      Params:         2       0       0       0       0       0       0       0       0       0       0       0       0       0
      Locals:         2       0       0       0       0       0       0       0       0       0       0       0       0       0
      Temps:          1       0       0       0       0       0       0       0       0       0       0       0       0       0
      Totals:         5       0       0       0       0       0       0       0       0       0       0       0       0       0
Total ram usage:        5 bytes
 Hardware stack levels used:    1
 This function calls:
		Nothing
 This function is called by:
		_pad
 This function uses a non-reentrant model


 *************** function _fputs *****************
 Defined at:
		line 8 in file "C:\Program Files\Microchip\xc8\v2.30\pic\sources\c99\common\nf_fputs.c"
 Parameters:    Size  Location     Type
  s               1    wreg     PTR const unsigned char 
		 -> dbuf(32), 
  fp              1    8[COMMON] PTR struct _IO_FILE
		 -> sprintf@f(5), 
 Auto vars:     Size  Location     Type
  s               1    3[BANK0 ] PTR const unsigned char 
		 -> dbuf(32), 
  i               2    1[BANK0 ] int 
  c               1    0[BANK0 ] unsigned char 
 Return value:  Size  Location     Type
                  2    8[COMMON] int 
 Registers used:
		wreg, fsr0l, fsr0h, fsr1l, fsr1h, status,2, status,0, pclath, cstack
 Tracked objects:
		On entry : 
		On exit  : 
		Unchanged: 
 Data sizes:     COMMON   BANK0   BANK1   BANK2   BANK3   BANK4   BANK5   BANK6   BANK7   BANK8   BANK9  BANK10  BANK11  BANK12
      Params:         1       0       0       0       0       0       0       0       0       0       0       0       0       0
      Locals:         0       4       0       0       0       0       0       0       0       0       0       0       0       0
      Temps:          3       0       0       0       0       0       0       0       0       0       0       0       0       0
      Totals:         4       4       0       0       0       0       0       0       0       0       0       0       0       0
Total ram usage:        8 bytes
 Hardware stack levels used:    1
 Hardware stack levels required when called:    2
 This function calls:
		_fputc
 This function is called by:
		_pad
 This function uses a non-reentrant model


 *************** function _abs *****************
 Defined at:
		line 1 in file "C:\Program Files\Microchip\xc8\v2.30\pic\sources\c99\common\abs.c"
 Parameters:    Size  Location     Type
  a               2    3[COMMON] int 
 Auto vars:     Size  Location     Type
		None
 Return value:  Size  Location     Type
                  2    3[COMMON] int 
 Registers used:
		wreg, status,2, status,0
 Tracked objects:
		On entry : 
		On exit  : 
		Unchanged: 
 Data sizes:     COMMON   BANK0   BANK1   BANK2   BANK3   BANK4   BANK5   BANK6   BANK7   BANK8   BANK9  BANK10  BANK11  BANK12
      Params:         2       0       0       0       0       0       0       0       0       0       0       0       0       0
      Locals:         0       0       0       0       0       0       0       0       0       0       0       0       0       0
      Temps:          2       0       0       0       0       0       0       0       0       0       0       0       0       0
      Totals:         4       0       0       0       0       0       0       0       0       0       0       0       0       0
Total ram usage:        4 bytes
 Hardware stack levels used:    1
 This function calls:
		Nothing
 This function is called by:
		_dtoa
 This function uses a non-reentrant model


 *************** function ___aomod *****************
 Defined at:
		line 7 in file "C:\Program Files\Microchip\xc8\v2.30\pic\sources\c99\common\aomod.c"
 Parameters:    Size  Location     Type
  divisor         8    0[BANK0 ] long long 
  dividend        8    8[BANK0 ] long long 
 Auto vars:     Size  Location     Type
  sign            1    2[COMMON] unsigned char 
  counter         1    1[COMMON] unsigned char 
 Return value:  Size  Location     Type
                  8    0[BANK0 ] long long 
 Registers used:
		wreg, fsr1l, fsr1h, status,2, status,0
 Tracked objects:
		On entry : 
		On exit  : 
		Unchanged: 
 Data sizes:     COMMON   BANK0   BANK1   BANK2   BANK3   BANK4   BANK5   BANK6   BANK7   BANK8   BANK9  BANK10  BANK11  BANK12
      Params:         0      16       0       0       0       0       0       0       0       0       0       0       0       0
      Locals:         2       0       0       0       0       0       0       0       0       0       0       0       0       0
      Temps:          1       0       0       0       0       0       0       0       0       0       0       0       0       0
      Totals:         3      16       0       0       0       0       0       0       0       0       0       0       0       0
Total ram usage:       19 bytes
 Hardware stack levels used:    1
 This function calls:
		Nothing
 This function is called by:
		_dtoa
 This function uses a non-reentrant model


 *************** function ___aodiv *****************
 Defined at:
		line 7 in file "C:\Program Files\Microchip\xc8\v2.30\pic\sources\c99\common\aodiv.c"
 Parameters:    Size  Location     Type
  divisor         8    0[BANK0 ] long long 
  dividend        8    8[BANK0 ] long long 
 Auto vars:     Size  Location     Type
  quotient        8    3[COMMON] long long 
  sign            1    2[COMMON] unsigned char 
  counter         1    1[COMMON] unsigned char 
 Return value:  Size  Location     Type
                  8    0[BANK0 ] long long 
 Registers used:
		wreg, fsr1l, fsr1h, status,2, status,0
 Tracked objects:
		On entry : 
		On exit  : 
		Unchanged: 
 Data sizes:     COMMON   BANK0   BANK1   BANK2   BANK3   BANK4   BANK5   BANK6   BANK7   BANK8   BANK9  BANK10  BANK11  BANK12
      Params:         0      16       0       0       0       0       0       0       0       0       0       0       0       0
      Locals:        10       0       0       0       0       0       0       0       0       0       0       0       0       0
      Temps:          1       0       0       0       0       0       0       0       0       0       0       0       0       0
      Totals:        11      16       0       0       0       0       0       0       0       0       0       0       0       0
Total ram usage:       27 bytes
 Hardware stack levels used:    1
 This function calls:
		Nothing
 This function is called by:
		_dtoa
 This function uses a non-reentrant model


 *************** function _ctoa *****************
 Defined at:
		line 259 in file "C:\Program Files\Microchip\xc8\v2.30\pic\sources\c99\common\doprnt.c"
 Parameters:    Size  Location     Type
  fp              1    wreg     PTR struct _IO_FILE
		 -> sprintf@f(5), 
  c               1    8[COMMON] unsigned char 
 Auto vars:     Size  Location     Type
  fp              1    4[BANK0 ] PTR struct _IO_FILE
		 -> sprintf@f(5), 
  w               2    2[BANK0 ] int 
  l               2    0[BANK0 ] int 
 Return value:  Size  Location     Type
                  2    8[COMMON] int 
 Registers used:
		wreg, fsr0l, fsr0h, fsr1l, fsr1h, status,2, status,0, pclath, cstack
 Tracked objects:
		On entry : 
		On exit  : 
		Unchanged: 
 Data sizes:     COMMON   BANK0   BANK1   BANK2   BANK3   BANK4   BANK5   BANK6   BANK7   BANK8   BANK9  BANK10  BANK11  BANK12
      Params:         2       0       0       0       0       0       0       0       0       0       0       0       0       0
      Locals:         0       5       0       0       0       0       0       0       0       0       0       0       0       0
      Temps:          3       0       0       0       0       0       0       0       0       0       0       0       0       0
      Totals:         5       5       0       0       0       0       0       0       0       0       0       0       0       0
Total ram usage:       10 bytes
 Hardware stack levels used:    1
 Hardware stack levels required when called:    2
 This function calls:
		_fputc
 This function is called by:
		_vfpfcnvrt
 This function uses a non-reentrant model


 *************** function _fputc *****************
 Defined at:
		line 8 in file "C:\Program Files\Microchip\xc8\v2.30\pic\sources\c99\common\nf_fputc.c"
 Parameters:    Size  Location     Type
  c               2    0[COMMON] int 
  fp              1    2[COMMON] PTR struct _IO_FILE
		 -> sprintf@f(5), 
 Auto vars:     Size  Location     Type
		None
 Return value:  Size  Location     Type
                  2    0[COMMON] int 
 Registers used:
		wreg, fsr0l, fsr0h, fsr1l, fsr1h, status,2, status,0, pclath, cstack
 Tracked objects:
		On entry : 
		On exit  : 
		Unchanged: 
 Data sizes:     COMMON   BANK0   BANK1   BANK2   BANK3   BANK4   BANK5   BANK6   BANK7   BANK8   BANK9  BANK10  BANK11  BANK12
      Params:         3       0       0       0       0       0       0       0       0       0       0       0       0       0
      Locals:         0       0       0       0       0       0       0       0       0       0       0       0       0       0
      Temps:          5       0       0       0       0       0       0       0       0       0       0       0       0       0
      Totals:         8       0       0       0       0       0       0       0       0       0       0       0       0       0
Total ram usage:        8 bytes
 Hardware stack levels used:    1
 Hardware stack levels required when called:    1
 This function calls:
		_putch
 This function is called by:
		_pad
		_ctoa
		_vfpfcnvrt
		_fputs
 This function uses a non-reentrant model


 *************** function _putch *****************
 Defined at:
		line 7 in file "C:\Program Files\Microchip\xc8\v2.30\pic\sources\c99\common\putch.c"
 Parameters:    Size  Location     Type
  c               1    wreg     unsigned char 
 Auto vars:     Size  Location     Type
  c               1    0[COMMON] unsigned char 
 Return value:  Size  Location     Type
                  1    wreg      void 
 Registers used:
		wreg
 Tracked objects:
		On entry : 
		On exit  : 
		Unchanged: 
 Data sizes:     COMMON   BANK0   BANK1   BANK2   BANK3   BANK4   BANK5   BANK6   BANK7   BANK8   BANK9  BANK10  BANK11  BANK12
      Params:         0       0       0       0       0       0       0       0       0       0       0       0       0       0
      Locals:         0       0       0       0       0       0       0       0       0       0       0       0       0       0
      Temps:          0       0       0       0       0       0       0       0       0       0       0       0       0       0
      Totals:         0       0       0       0       0       0       0       0       0       0       0       0       0       0
Total ram usage:        0 bytes
 Hardware stack levels used:    1
 This function calls:
		Nothing
 This function is called by:
		_fputc
 This function uses a non-reentrant model


 *************** function _serial_print *****************
 Defined at:
		line 70 in file "analog_serial.c"
 Parameters:    Size  Location     Type
  str             1    wreg     PTR unsigned char 
		 -> main@valStr(16), 
 Auto vars:     Size  Location     Type
  str             1    4[COMMON] PTR unsigned char 
		 -> main@valStr(16), 
  i               2    2[COMMON] int 
 Return value:  Size  Location     Type
                  1    wreg      void 
 Registers used:
		wreg, fsr1l, fsr1h, status,2, status,0, pclath, cstack
 Tracked objects:
		On entry : 
		On exit  : 
		Unchanged: 
 Data sizes:     COMMON   BANK0   BANK1   BANK2   BANK3   BANK4   BANK5   BANK6   BANK7   BANK8   BANK9  BANK10  BANK11  BANK12
      Params:         0       0       0       0       0       0       0       0       0       0       0       0       0       0
      Locals:         3       0       0       0       0       0       0       0       0       0       0       0       0       0
      Temps:          1       0       0       0       0       0       0       0       0       0       0       0       0       0
      Totals:         4       0       0       0       0       0       0       0       0       0       0       0       0       0
Total ram usage:        4 bytes
 Hardware stack levels used:    1
 Hardware stack levels required when called:    1
 This function calls:
		_serial_putch
 This function is called by:
		_main
 This function uses a non-reentrant model


 *************** function _serial_putch *****************
 Defined at:
		line 60 in file "analog_serial.c"
 Parameters:    Size  Location     Type
  byte            1    wreg     unsigned char 
 Auto vars:     Size  Location     Type
  byte            1    0[COMMON] unsigned char 
 Return value:  Size  Location     Type
                  1    wreg      void 
 Registers used:
		wreg
 Tracked objects:
		On entry : 
		On exit  : 
		Unchanged: 
 Data sizes:     COMMON   BANK0   BANK1   BANK2   BANK3   BANK4   BANK5   BANK6   BANK7   BANK8   BANK9  BANK10  BANK11  BANK12
      Params:         0       0       0       0       0       0       0       0       0       0       0       0       0       0
      Locals:         1       0       0       0       0       0       0       0       0       0       0       0       0       0
      Temps:          0       0       0       0       0       0       0       0       0       0       0       0       0       0
      Totals:         1       0       0       0       0       0       0       0       0       0       0       0       0       0
Total ram usage:        1 bytes
 Hardware stack levels used:    1
 This function calls:
		Nothing
 This function is called by:
		_serial_print
 This function uses a non-reentrant model


 *************** function _serial_getch *****************
 Defined at:
		line 65 in file "analog_serial.c"
 Parameters:    Size  Location     Type
		None
 Auto vars:     Size  Location     Type
		None
 Return value:  Size  Location     Type
                  1    wreg      unsigned char 
 Registers used:
		wreg
 Tracked objects:
		On entry : 
		On exit  : 
		Unchanged: 
 Data sizes:     COMMON   BANK0   BANK1   BANK2   BANK3   BANK4   BANK5   BANK6   BANK7   BANK8   BANK9  BANK10  BANK11  BANK12
      Params:         0       0       0       0       0       0       0       0       0       0       0       0       0       0
      Locals:         0       0       0       0       0       0       0       0       0       0       0       0       0       0
      Temps:          0       0       0       0       0       0       0       0       0       0       0       0       0       0
      Totals:         0       0       0       0       0       0       0       0       0       0       0       0       0       0
Total ram usage:        0 bytes
 Hardware stack levels used:    1
 This function calls:
		Nothing
 This function is called by:
		_main
 This function uses a non-reentrant model


 *************** function _init *****************
 Defined at:
		line 18 in file "analog_serial.c"
 Parameters:    Size  Location     Type
  baudrate        4    0[BANK0 ] unsigned long 
  portA           1    4[BANK0 ] unsigned char 
  portC           1    5[BANK0 ] unsigned char 
 Auto vars:     Size  Location     Type
  X               2   10[BANK0 ] unsigned int 
 Return value:  Size  Location     Type
                  1    wreg      void 
 Registers used:
		wreg, status,2, status,0, pclath, cstack
 Tracked objects:
		On entry : 
		On exit  : 
		Unchanged: 
 Data sizes:     COMMON   BANK0   BANK1   BANK2   BANK3   BANK4   BANK5   BANK6   BANK7   BANK8   BANK9  BANK10  BANK11  BANK12
      Params:         0       6       0       0       0       0       0       0       0       0       0       0       0       0
      Locals:         0       2       0       0       0       0       0       0       0       0       0       0       0       0
      Temps:          0       4       0       0       0       0       0       0       0       0       0       0       0       0
      Totals:         0      12       0       0       0       0       0       0       0       0       0       0       0       0
Total ram usage:       12 bytes
 Hardware stack levels used:    1
 Hardware stack levels required when called:    1
 This function calls:
		___lldiv
 This function is called by:
		_main
 This function uses a non-reentrant model


 *************** function ___lldiv *****************
 Defined at:
		line 5 in file "C:\Program Files\Microchip\xc8\v2.30\pic\sources\c99\common\__lldiv.c"
 Parameters:    Size  Location     Type
  divisor         4    0[COMMON] unsigned long 
  dividend        4    4[COMMON] unsigned long 
 Auto vars:     Size  Location     Type
  quotient        4    9[COMMON] unsigned long 
  counter         1   13[COMMON] unsigned char 
 Return value:  Size  Location     Type
                  4    0[COMMON] unsigned long 
 Registers used:
		wreg, status,2, status,0
 Tracked objects:
		On entry : 
		On exit  : 
		Unchanged: 
 Data sizes:     COMMON   BANK0   BANK1   BANK2   BANK3   BANK4   BANK5   BANK6   BANK7   BANK8   BANK9  BANK10  BANK11  BANK12
      Params:         8       0       0       0       0       0       0       0       0       0       0       0       0       0
      Locals:         5       0       0       0       0       0       0       0       0       0       0       0       0       0
      Temps:          1       0       0       0       0       0       0       0       0       0       0       0       0       0
      Totals:        14       0       0       0       0       0       0       0       0       0       0       0       0       0
Total ram usage:       14 bytes
 Hardware stack levels used:    1
 This function calls:
		Nothing
 This function is called by:
		_init
 This function uses a non-reentrant model


 *************** function _analogRead *****************
 Defined at:
		line 47 in file "analog_serial.c"
 Parameters:    Size  Location     Type
  pin             1    wreg     unsigned char 
 Auto vars:     Size  Location     Type
  pin             1    8[COMMON] unsigned char 
  val             2    9[COMMON] unsigned int 
 Return value:  Size  Location     Type
                  2    0[COMMON] unsigned int 
 Registers used:
		wreg, status,2, status,0
 Tracked objects:
		On entry : 
		On exit  : 
		Unchanged: 
 Data sizes:     COMMON   BANK0   BANK1   BANK2   BANK3   BANK4   BANK5   BANK6   BANK7   BANK8   BANK9  BANK10  BANK11  BANK12
      Params:         2       0       0       0       0       0       0       0       0       0       0       0       0       0
      Locals:         3       0       0       0       0       0       0       0       0       0       0       0       0       0
      Temps:          6       0       0       0       0       0       0       0       0       0       0       0       0       0
      Totals:        11       0       0       0       0       0       0       0       0       0       0       0       0       0
Total ram usage:       11 bytes
 Hardware stack levels used:    1
 This function calls:
		Nothing
 This function is called by:
		_main
 This function uses a non-reentrant model



MODULE INFORMATION

Module		Function		Class		Link	Load	Size
C:\Program Files\Microchip\xc8\v2.30\pic\sources\c99\common\aomod.c
		___aomod       		CODE           	038E	0000	234

C:\Program Files\Microchip\xc8\v2.30\pic\sources\c99\common\aomod.c estimated size: 234

C:\Program Files\Microchip\xc8\v2.30\pic\sources\c99\common\__lldiv.c
		___lldiv       		CODE           	02C0	0000	90

C:\Program Files\Microchip\xc8\v2.30\pic\sources\c99\common\__lldiv.c estimated size: 90

C:\Program Files\Microchip\xc8\v2.30\pic\sources\c99\common\abs.c
		_abs           		CODE           	008F	0000	26

C:\Program Files\Microchip\xc8\v2.30\pic\sources\c99\common\abs.c estimated size: 26

C:\Program Files\Microchip\xc8\v2.30\pic\sources\c99\common\doprnt.c
		_vfpfcnvrt     		CODE           	0579	0000	270
		_pad           		CODE           	0267	0000	89
		_ctoa          		CODE           	031A	0000	116
		_dtoa          		CODE           	0687	0000	366
		_vfprintf      		CODE           	0114	0000	49

C:\Program Files\Microchip\xc8\v2.30\pic\sources\c99\common\doprnt.c estimated size: 890

C:\Program Files\Microchip\xc8\v2.30\pic\sources\c99\common\putch.c
		_putch         		CODE           	005D	0000	1

C:\Program Files\Microchip\xc8\v2.30\pic\sources\c99\common\putch.c estimated size: 1

C:\Program Files\Microchip\xc8\v2.30\pic\sources\c99\common\nf_fputs.c
		_fputs         		CODE           	00EC	0000	40

C:\Program Files\Microchip\xc8\v2.30\pic\sources\c99\common\nf_fputs.c estimated size: 40

C:\Program Files\Microchip\xc8\v2.30\pic\sources\c99\common\aodiv.c
		___aodiv       		CODE           	0478	0000	257

C:\Program Files\Microchip\xc8\v2.30\pic\sources\c99\common\aodiv.c estimated size: 257

shared
		__initialization		CODE           	07F5	0000	8

shared estimated size: 8

C:\Program Files\Microchip\xc8\v2.30\pic\sources\c99\common\nf_fputc.c
		_fputc         		CODE           	01C1	0000	79

C:\Program Files\Microchip\xc8\v2.30\pic\sources\c99\common\nf_fputc.c estimated size: 79

C:\Program Files\Microchip\xc8\v2.30\pic\sources\c99\common\strlen.c
		_strlen        		CODE           	0076	0000	25

C:\Program Files\Microchip\xc8\v2.30\pic\sources\c99\common\strlen.c estimated size: 25

C:\Program Files\Microchip\xc8\v2.30\pic\sources\c99\common\nf_sprintf.c
		_sprintf       		CODE           	00C8	0000	36

C:\Program Files\Microchip\xc8\v2.30\pic\sources\c99\common\nf_sprintf.c estimated size: 36

analog_serial.c
		_init          		CODE           	0210	0000	87
		_serial_getch  		CODE           	0064	0000	8
		_serial_putch  		CODE           	006C	0000	10
		_serial_print  		CODE           	00A9	0000	31
		_analogRead    		CODE           	0145	0000	50

analog_serial.c estimated size: 186

main.c
		_main          		CODE           	0177	0000	74

main.c estimated size: 74

